{
  "timestamp": "2026-05-14 22:11:31.053027",
  "device_info": {
    "serial_number": "ADkAQVQwUBUgOTNO",
    "model": "0",
    "git_hash": "2af62ba720e0b04ae736a4bc1c8a28d65383d919",
    "git_dirty": false,
    "git_timestamp": 1731592431,
    "uuid": "2a4a3ae5-0050-42e3-a5b8-2cfeb188815d"
  },
  "calibration": {
    "invert": false,
    "phase_invert": false,
    "poles": 28,
    "offset": [
      -2.3312278922304994,
      -2.3397772640411483,
      -2.34969471178207,
      -2.3623272879398187,
      -2.3604798578818467,
      -2.3608273898415995,
      -2.3686981707097394,
      -2.369412973779346,
      -2.3591187901843043,
      -2.3514633449028595,
      -2.3378957021068993,
      -2.332184573659584,
      -2.3305960936711707,
      -2.315831237959028,
      -2.309975362953753,
      -2.3178815806079696,
      -2.316551413219874,
      -2.3166652063684605,
      -2.3177991238893614,
      -2.3132283086558942,
      -2.322466843113681,
      -2.3267402508922395,
      -2.314296717804297,
      -2.312030084508738,
      -2.311948588144589,
      -2.306248423009951,
      -2.304701821576535,
      -2.2967592121596048,
      -2.2899418590717073,
      -2.300756070480304,
      -2.3076407889086905,
      -2.306922726337957,
      -2.3135658000279564,
      -2.32332339539372,
      -2.33247869503484,
      -2.346084349953676,
      -2.3460417507681877,
      -2.346145843941469,
      -2.3540207316132107,
      -2.3521983870552083,
      -2.3426257885786956,
      -2.3351584260836895,
      -2.3220264875833103,
      -2.314339802599987,
      -2.3128746702308223,
      -2.2996008311050953,
      -2.2907659992601004,
      -2.2947418018271564,
      -2.2941713916874047,
      -2.2956329313991186,
      -2.2972780712828498,
      -2.293233669358609,
      -2.303267860228188,
      -2.312988082652378,
      -2.304991926936378,
      -2.3071108577311388,
      -2.3104148542400877,
      -2.3097915864064067,
      -2.312834300241493,
      -2.308646444236635,
      -2.3039922948871125,
      -2.3155460654622666,
      -2.3239257670116085,
      -2.3222217659615447
    ],
    "fit_metric": 6.605831311671486
  },
  "winding_resistance": 2.1613631059685265,
  "inductance": 0.0011329336524255247,
  "pid_dq_kp": 0.7118432078929361,
  "pid_dq_ki": 1358.024491090148,
  "torque_bw_hz": 100.0,
  "encoder_filter_bw_hz": 100.0,
  "encoder_filter_kp": 1256.6370614359173,
  "encoder_filter_ki": 394784.17604357435,
  "v_per_hz": 1.1118730164135708,
  "kv": 26.981498387978903,
  "unwrapped_position_scale": 1.0,
  "motor_position_output_sign": 1.0
}
